TAP version 13
# Subtest: 逐实例正样本识别报告可构建并重放
ok 1 - 逐实例正样本识别报告可构建并重放
  ---
  duration_ms: 3339.6431
  type: 'test'
  ...
# Subtest: 漏甲会让识别强门保持HOLD
ok 2 - 漏甲会让识别强门保持HOLD
  ---
  duration_ms: 875.3621
  type: 'test'
  ...
# Subtest: 拓扑无效预测按严重度计入加权门并HOLD
ok 3 - 拓扑无效预测按严重度计入加权门并HOLD
  ---
  duration_ms: 260.0692
  type: 'test'
  ...
# Subtest: 预算内重复实例通过加权门且超预算HOLD
ok 4 - 预算内重复实例通过加权门且超预算HOLD
  ---
  duration_ms: 1149.0762
  type: 'test'
  ...
# Subtest: 历史schema v1报告仍可按旧语义重放
ok 5 - 历史schema v1报告仍可按旧语义重放
  ---
  duration_ms: 869.0986
  type: 'test'
  ...
1..5
# tests 5
# suites 0
# pass 5
# fail 0
# cancelled 0
# skipped 0
# todo 0
# duration_ms 6711.2591
